Parse symbol func3@TEST_1.0 (libtest3/libtest3.so.0)
Parse symbol func2@TEST_1.0 (libtest3/libtest3.so.0)
Parse symbol func1@TEST_1.0 (libtest3/libtest3.so.0)
Parse symbol func6@TEST_1.0 (libtest3/libtest3.so.0)
Parse symbol func5@TEST_1.0 (libtest3/libtest3.so.0)
Parse symbol func4@TEST_1.0 (libtest3/libtest3.so.0)
Parse symbol func3@TEST_1.0 (libtest1/libtest1.so.0)
Parse symbol func2@TEST_1.0 (libtest1/libtest1.so.0)
Parse symbol func1@TEST_1.0 (libtest1/libtest1.so.0)
Parse symbol func6@TEST_1.0 (libtest1/libtest1.so.0)
Parse symbol func5@TEST_1.0 (libtest1/libtest1.so.0)
Parse symbol func4@TEST_1.0 (libtest1/libtest1.so.0)
Original versions:    TEST_1.0
New versions:         TEST_1.0
==== func1@TEST_1.0: definitions match
==== func2@TEST_1.0: definitions match
==== func3@TEST_1.0: definitions match
==== func4@TEST_1.0: definitions match
==== func5@TEST_1.0: definitions don't match
==== func6@TEST_1.0: definitions match
